2026-06-26 06:52:54.850 +00:00 [INF] Request starting HTTP/1.1 GET http://localhost:44350/Home/Callback?state=111111&code=a6a61718acfb591073de5eb5057cb6def5d3eb1f&scope=read,activity:read_all - null null
2026-06-26 06:52:54.943 +00:00 [INF] Executing endpoint 'StravaAuth.Controllers.HomeController.Callback (StravaApp)'
2026-06-26 06:52:54.946 +00:00 [INF] Route matched with {action = "Callback", controller = "Home"}. Executing controller action with signature System.Threading.Tasks.Task`1[Microsoft.AspNetCore.Mvc.IActionResult] Callback(System.String, System.String, System.String) on controller StravaAuth.Controllers.HomeController (StravaApp).
2026-06-26 06:52:54.961 +00:00 [INF] Start processing HTTP request POST https://www.strava.com/oauth/token
2026-06-26 06:52:54.962 +00:00 [INF] Sending HTTP request POST https://www.strava.com/oauth/token
2026-06-26 06:52:55.357 +00:00 [INF] Received HTTP response headers after 394.208ms - 200
2026-06-26 06:52:55.358 +00:00 [INF] End processing HTTP request after 397.6022ms - 200
2026-06-26 06:52:55.396 +00:00 [INF] Accessing expired session, Key:322fb5da-def3-60e4-a7d6-03aded59b46c
2026-06-26 06:52:55.399 +00:00 [INF] Executing RedirectResult, redirecting to /.
2026-06-26 06:52:55.400 +00:00 [INF] Executed action StravaAuth.Controllers.HomeController.Callback (StravaApp) in 452.2615ms
2026-06-26 06:52:55.401 +00:00 [INF] Executed endpoint 'StravaAuth.Controllers.HomeController.Callback (StravaApp)'
2026-06-26 06:52:55.401 +00:00 [INF] Session started; Key:322fb5da-def3-60e4-a7d6-03aded59b46c, Id:84017cb0-c76e-14e1-2ef2-a308e4fbfae0
2026-06-26 06:52:55.403 +00:00 [INF] Request finished HTTP/1.1 GET http://localhost:44350/Home/Callback?state=111111&code=a6a61718acfb591073de5eb5057cb6def5d3eb1f&scope=read,activity:read_all - 302 0 null 553.7178ms
2026-06-26 06:52:55.408 +00:00 [INF] Request starting HTTP/1.1 GET http://localhost:44350/ - null null
2026-06-26 06:52:55.410 +00:00 [INF] Executing endpoint 'StravaAuth.Controllers.HomeController.Index (StravaApp)'
2026-06-26 06:52:55.410 +00:00 [INF] Route matched with {action = "Index", controller = "Home"}. Executing controller action with signature Microsoft.AspNetCore.Mvc.IActionResult Index() on controller StravaAuth.Controllers.HomeController (StravaApp).
2026-06-26 06:52:55.417 +00:00 [INF] Executing ViewResult, running view Index.
2026-06-26 06:52:55.426 +00:00 [INF] Executed ViewResult - view Index executed in 14.3967ms.
2026-06-26 06:52:55.427 +00:00 [INF] Executed action StravaAuth.Controllers.HomeController.Index (StravaApp) in 15.7491ms
2026-06-26 06:52:55.427 +00:00 [INF] Executed endpoint 'StravaAuth.Controllers.HomeController.Index (StravaApp)'
2026-06-26 06:52:55.428 +00:00 [INF] Request finished HTTP/1.1 GET http://localhost:44350/ - 200 null text/html; charset=utf-8 19.5631ms
2026-06-26 06:52:55.478 +00:00 [INF] Request starting HTTP/1.1 GET http://localhost:44350/lib/bootstrap/dist/css/bootstrap.min.css - null null
2026-06-26 06:52:55.481 +00:00 [INF] The file /lib/bootstrap/dist/css/bootstrap.min.css was not modified
2026-06-26 06:52:55.483 +00:00 [INF] Request starting HTTP/1.1 GET http://localhost:44350/css/site.css?v=j6fhJSuuyLpOSLuPJU0TsDV0iNjor5S3rDnvxJrt4bg - null null
2026-06-26 06:52:55.483 +00:00 [INF] Request finished HTTP/1.1 GET http://localhost:44350/lib/bootstrap/dist/css/bootstrap.min.css - 304 null text/css 4.9561ms
2026-06-26 06:52:55.484 +00:00 [INF] The file /css/site.css was not modified
2026-06-26 06:52:55.486 +00:00 [INF] Request finished HTTP/1.1 GET http://localhost:44350/css/site.css?v=j6fhJSuuyLpOSLuPJU0TsDV0iNjor5S3rDnvxJrt4bg - 304 null text/css 2.8685ms
2026-06-26 06:52:55.487 +00:00 [INF] Request starting HTTP/1.1 GET http://localhost:44350/lib/jquery/dist/jquery.min.js - null null
2026-06-26 06:52:55.487 +00:00 [INF] Request starting HTTP/1.1 GET http://localhost:44350/StravaApp.styles.css?v=jwF2ML4JS0rTWR-ZifXzeJkyUDLM_1WEa5j85XPPRtU - null null
2026-06-26 06:52:55.489 +00:00 [INF] The file /lib/jquery/dist/jquery.min.js was not modified
2026-06-26 06:52:55.489 +00:00 [INF] Request starting HTTP/1.1 GET http://localhost:44350/lib/bootstrap/dist/js/bootstrap.bundle.min.js - null null
2026-06-26 06:52:55.489 +00:00 [INF] The file /StravaApp.styles.css was not modified
2026-06-26 06:52:55.491 +00:00 [INF] Request finished HTTP/1.1 GET http://localhost:44350/lib/jquery/dist/jquery.min.js - 304 null text/javascript 3.6528ms
2026-06-26 06:52:55.491 +00:00 [INF] Request starting HTTP/1.1 GET http://localhost:44350/js/site.js?v=hRQyftXiu1lLX2P9Ly9xa4gHJgLeR1uGN5qegUobtGo - null null
2026-06-26 06:52:55.491 +00:00 [INF] The file /lib/bootstrap/dist/js/bootstrap.bundle.min.js was not modified
2026-06-26 06:52:55.492 +00:00 [INF] Request finished HTTP/1.1 GET http://localhost:44350/StravaApp.styles.css?v=jwF2ML4JS0rTWR-ZifXzeJkyUDLM_1WEa5j85XPPRtU - 304 null text/css 5.4894ms
2026-06-26 06:52:55.494 +00:00 [INF] The file /js/site.js was not modified
2026-06-26 06:52:55.495 +00:00 [INF] Request finished HTTP/1.1 GET http://localhost:44350/lib/bootstrap/dist/js/bootstrap.bundle.min.js - 304 null text/javascript 5.2562ms
2026-06-26 06:52:55.497 +00:00 [INF] Request finished HTTP/1.1 GET http://localhost:44350/js/site.js?v=hRQyftXiu1lLX2P9Ly9xa4gHJgLeR1uGN5qegUobtGo - 304 null text/javascript 5.3439ms
2026-06-26 08:15:24.318 +00:00 [INF] Request starting HTTP/1.1 GET http://localhost:44350/Home/Callback?state=111111&code=e04b61c0cc147178c3f313e0028034c286fe5d3a&scope=read,activity:read_all - null null
2026-06-26 08:15:24.370 +00:00 [INF] Executing endpoint 'StravaAuth.Controllers.HomeController.Callback (StravaApp)'
2026-06-26 08:15:24.383 +00:00 [INF] Route matched with {action = "Callback", controller = "Home"}. Executing controller action with signature System.Threading.Tasks.Task`1[Microsoft.AspNetCore.Mvc.IActionResult] Callback(System.String, System.String, System.String) on controller StravaAuth.Controllers.HomeController (StravaApp).
2026-06-26 08:15:24.418 +00:00 [INF] Start processing HTTP request POST https://www.strava.com/oauth/token
2026-06-26 08:15:24.420 +00:00 [INF] Sending HTTP request POST https://www.strava.com/oauth/token
2026-06-26 08:15:25.315 +00:00 [INF] Received HTTP response headers after 893.1411ms - 200
2026-06-26 08:15:25.319 +00:00 [INF] End processing HTTP request after 903.1077ms - 200
2026-06-26 08:15:25.601 +00:00 [INF] Accessing expired session, Key:322fb5da-def3-60e4-a7d6-03aded59b46c
2026-06-26 08:15:25.613 +00:00 [INF] Executing RedirectResult, redirecting to /.
2026-06-26 08:15:25.624 +00:00 [INF] Executed action StravaAuth.Controllers.HomeController.Callback (StravaApp) in 1237.7584ms
2026-06-26 08:15:25.650 +00:00 [INF] Executed endpoint 'StravaAuth.Controllers.HomeController.Callback (StravaApp)'
2026-06-26 08:15:25.654 +00:00 [INF] Session started; Key:322fb5da-def3-60e4-a7d6-03aded59b46c, Id:90b46d4c-80a7-9791-6b53-469f70968a41
2026-06-26 08:15:25.661 +00:00 [INF] Request finished HTTP/1.1 GET http://localhost:44350/Home/Callback?state=111111&code=e04b61c0cc147178c3f313e0028034c286fe5d3a&scope=read,activity:read_all - 302 0 null 1343.3729ms
2026-06-26 08:15:25.675 +00:00 [INF] Request starting HTTP/1.1 GET http://localhost:44350/ - null null
2026-06-26 08:15:25.679 +00:00 [INF] Executing endpoint 'StravaAuth.Controllers.HomeController.Index (StravaApp)'
2026-06-26 08:15:25.684 +00:00 [INF] Route matched with {action = "Index", controller = "Home"}. Executing controller action with signature Microsoft.AspNetCore.Mvc.IActionResult Index() on controller StravaAuth.Controllers.HomeController (StravaApp).
2026-06-26 08:15:25.730 +00:00 [INF] Executing ViewResult, running view Index.
2026-06-26 08:15:25.750 +00:00 [INF] Executed ViewResult - view Index executed in 55.1104ms.
2026-06-26 08:15:25.753 +00:00 [INF] Executed action StravaAuth.Controllers.HomeController.Index (StravaApp) in 62.4977ms
2026-06-26 08:15:25.755 +00:00 [INF] Executed endpoint 'StravaAuth.Controllers.HomeController.Index (StravaApp)'
2026-06-26 08:15:25.769 +00:00 [INF] Request finished HTTP/1.1 GET http://localhost:44350/ - 200 null text/html; charset=utf-8 94.2224ms
2026-06-26 09:01:11.581 +00:00 [INF] Application is shutting down...
